** Drc report for LED_Coaster.kicad_pcb **
** Created on 2026-09-13T11:36:16 **
** Report includes: Errors, Warnings **

** Found 98 DRC violations **
[silk_edge_clearance]: Silkscreen clipped by board edge
    Rule: board setup constraints silk; warning
    @(150.0000 mm, 80.0000 mm): Circle on Edge.Cuts
    @(145.2500 mm, 36.0300 mm): Segment of J3 on F.Silkscreen
[silk_edge_clearance]: Silkscreen clipped by board edge
    Rule: board setup constraints silk; warning
    @(150.0000 mm, 80.0000 mm): Circle on Edge.Cuts
    @(154.6500 mm, 36.0300 mm): Segment of J3 on F.Silkscreen
[lib_footprint_mismatch]: Footprint 'C_0805_2012Metric_Pad1.18x1.45mm_HandSolder' does not match copy in library 'Capacitor_SMD'
    Local override; warning
    @(186.9100 mm, 65.7300 mm): Footprint C1
[lib_footprint_mismatch]: Footprint 'R_0805_2012Metric_Pad1.20x1.40mm_HandSolder' does not match copy in library 'Resistor_SMD'
    Local override; warning
    @(178.6800 mm, 91.8000 mm): Footprint R11
[lib_footprint_mismatch]: Footprint 'R_0805_2012Metric_Pad1.20x1.40mm_HandSolder' does not match copy in library 'Resistor_SMD'
    Local override; warning
    @(154.4200 mm, 45.7300 mm): Footprint R6
[lib_footprint_mismatch]: Footprint 'R_0805_2012Metric_Pad1.20x1.40mm_HandSolder' does not match copy in library 'Resistor_SMD'
    Local override; warning
    @(180.8700 mm, 95.1300 mm): Footprint R9
[lib_footprint_mismatch]: Footprint 'R_0805_2012Metric_Pad1.20x1.40mm_HandSolder' does not match copy in library 'Resistor_SMD'
    Local override; warning
    @(179.7100 mm, 55.8900 mm): Footprint R1
[lib_footprint_mismatch]: Footprint 'PinHeader_1x04_P2.54mm_Vertical' does not match copy in library 'Connector_PinHeader_2.54mm'
    Local override; warning
    @(154.1700 mm, 120.8900 mm): Footprint J4
[lib_footprint_mismatch]: Footprint 'R_0805_2012Metric_Pad1.20x1.40mm_HandSolder' does not match copy in library 'Resistor_SMD'
    Local override; warning
    @(145.4200 mm, 45.7300 mm): Footprint R7
[lib_footprint_mismatch]: Footprint 'C_0805_2012Metric_Pad1.18x1.45mm_HandSolder' does not match copy in library 'Capacitor_SMD'
    Local override; warning
    @(179.7400 mm, 53.4500 mm): Footprint C3
[lib_footprint_mismatch]: Footprint 'LED_0805_2012Metric_Pad1.15x1.40mm_HandSolder' does not match copy in library 'LED_SMD'
    Local override; warning
    @(184.5450 mm, 61.6737 mm): Footprint D34
[lib_footprint_issues]: The current configuration does not include the footprint library 'ESP32-C3-WROOM-02-H4'
    Local override; warning
    @(181.4400 mm, 78.9800 mm): Footprint U1
[lib_footprint_mismatch]: Footprint 'R_0805_2012Metric_Pad1.20x1.40mm_HandSolder' does not match copy in library 'Resistor_SMD'
    Local override; warning
    @(176.5200 mm, 91.8100 mm): Footprint R10
[lib_footprint_mismatch]: Footprint 'R_0805_2012Metric_Pad1.20x1.40mm_HandSolder' does not match copy in library 'Resistor_SMD'
    Local override; warning
    @(184.5450 mm, 59.2925 mm): Footprint R12
[lib_footprint_mismatch]: Footprint 'R_0805_2012Metric_Pad1.20x1.40mm_HandSolder' does not match copy in library 'Resistor_SMD'
    Local override; warning
    @(183.4590 mm, 91.7978 mm): Footprint R8
[lib_footprint_mismatch]: Footprint 'R_0805_2012Metric_Pad1.20x1.40mm_HandSolder' does not match copy in library 'Resistor_SMD'
    Local override; warning
    @(175.3600 mm, 65.6200 mm): Footprint R4
[lib_footprint_mismatch]: Footprint 'USB_C_Receptacle_HRO_TYPE-C-31-M-12' does not match copy in library 'Connector_USB'
    Local override; warning
    @(149.9500 mm, 38.0300 mm): Footprint J3
[lib_footprint_mismatch]: Footprint 'R_0805_2012Metric_Pad1.20x1.40mm_HandSolder' does not match copy in library 'Resistor_SMD'
    Local override; warning
    @(183.5500 mm, 66.7800 mm): Footprint R3
[lib_footprint_mismatch]: Footprint 'C_0805_2012Metric_Pad1.18x1.45mm_HandSolder' does not match copy in library 'Capacitor_SMD'
    Local override; warning
    @(189.3900 mm, 65.7100 mm): Footprint C2
[silk_overlap]: Silkscreen clearance
    Rule: board setup constraints silk; warning
    @(137.2729 mm, 50.2350 mm): Segment of R17 on F.Silkscreen
    @(137.5000 mm, 50.8200 mm): Reference field of C20
[silk_overlap]: Silkscreen clearance
    Rule: board setup constraints silk; warning
    @(123.7729 mm, 57.9350 mm): Segment of R2 on F.Silkscreen
    @(124.0000 mm, 58.0500 mm): Reference field of R15
[silk_overlap]: Silkscreen clearance
    Rule: board setup constraints silk; warning
    @(124.0000 mm, 61.1000 mm): Reference field of U4
    @(123.7729 mm, 60.4350 mm): Segment of R15 on F.Silkscreen
[silk_overlap]: Silkscreen clearance
    Rule: board setup constraints silk; warning
    @(119.5000 mm, 55.5500 mm): Reference field of R14
    @(118.8900 mm, 55.1100 mm): Segment of U3 on F.Silkscreen
[silk_overlap]: Silkscreen clearance
    Rule: board setup constraints silk; warning
    @(119.5000 mm, 55.5500 mm): Reference field of R14
    @(119.6150 mm, 55.1100 mm): Segment of U3 on F.Silkscreen
[silk_overlap]: Silkscreen clearance
    Rule: board setup constraints silk; warning
    @(129.0000 mm, 47.1500 mm): Reference field of R13
    @(128.0000 mm, 46.3200 mm): Reference field of C4
[silk_overlap]: Silkscreen clearance
    Rule: board setup constraints silk; warning
    @(129.2271 mm, 46.2350 mm): Segment of R13 on F.Silkscreen
    @(128.0000 mm, 46.3200 mm): Reference field of C4
[silk_overlap]: Silkscreen clearance
    Rule: board setup constraints silk; warning
    @(129.0000 mm, 47.1500 mm): Reference field of R13
    @(127.7387 mm, 47.2650 mm): Segment of C4 on F.Silkscreen
[silk_overlap]: Silkscreen clearance
    Rule: board setup constraints silk; warning
    @(127.7387 mm, 48.7350 mm): Segment of C4 on F.Silkscreen
    @(128.0000 mm, 49.3200 mm): Reference field of C6
[silk_overlap]: Silkscreen clearance
    Rule: board setup constraints silk; warning
    @(127.7387 mm, 51.7350 mm): Segment of C6 on F.Silkscreen
    @(128.0000 mm, 52.3200 mm): Reference field of C7
[silk_overlap]: Silkscreen clearance
    Rule: board setup constraints silk; warning
    @(148.8200 mm, 99.0000 mm): Reference field of C19
    @(148.7524 mm, 99.1930 mm): Footprint text of D28 (1)
[silk_overlap]: Silkscreen clearance
    Rule: board setup constraints silk; warning
    @(176.8000 mm, 60.1500 mm): Reference field of R19
    @(176.5729 mm, 60.1350 mm): Segment of R18 on F.Silkscreen
[silk_overlap]: Silkscreen clearance
    Rule: board setup constraints silk; warning
    @(183.5500 mm, 68.4300 mm): Reference field of R3
    @(184.3400 mm, 68.4800 mm): Circle of U1 on F.Silkscreen
[silk_overlap]: Silkscreen clearance
    Rule: board setup constraints silk; warning
    @(183.5450 mm, 62.6337 mm): Segment of D34 on F.Silkscreen
    @(184.5450 mm, 63.3237 mm): Reference field of D34
[silk_over_copper]: Silkscreen clipped by solder mask
    Local override; warning
    @(137.5000 mm, 50.8200 mm): Reference field of C20
    @(136.5000 mm, 49.5000 mm): Pad 1 [+LED_PWR] of R17 on F.Cu
[silk_over_copper]: Silkscreen clipped by solder mask
    Local override; warning
    @(137.5000 mm, 50.8200 mm): Reference field of C20
    @(138.5000 mm, 49.5000 mm): Pad 2 [GND] of R17 on F.Cu
[silk_over_copper]: Silkscreen clipped by solder mask
    Local override; warning
    @(132.2719 mm, 87.6100 mm): Reference field of C18
    @(133.4283 mm, 88.7682 mm): Pad 4 [Net-(D26-DOUT)] of D27 on F.Cu
[silk_over_copper]: Silkscreen clipped by solder mask
    Local override; warning
    @(136.4884 mm, 85.4943 mm): Segment of D27 on F.Silkscreen
    @(136.0981 mm, 86.8285 mm): Pad 3 [GND] of D27 on F.Cu
[silk_over_copper]: Silkscreen clipped by solder mask
    Local override; warning
    @(135.8609 mm, 76.4732 mm): Segment of D26 on F.Silkscreen
    @(134.7609 mm, 77.3232 mm): Pad 3 [GND] of D26 on F.Cu
[silk_over_copper]: Silkscreen clipped by solder mask
    Local override; warning
    @(140.6312 mm, 68.8671 mm): Segment of D25 on F.Silkscreen
    @(139.2417 mm, 68.9082 mm): Pad 3 [GND] of D25 on F.Cu
[silk_over_copper]: Silkscreen clipped by solder mask
    Local override; warning
    @(124.0000 mm, 58.0500 mm): Reference field of R15
    @(123.0000 mm, 57.2000 mm): Pad 1 [Net-(U3-PROG1)] of R2 on F.Cu
[silk_over_copper]: Silkscreen clipped by solder mask
    Local override; warning
    @(124.0000 mm, 58.0500 mm): Reference field of R15
    @(125.0000 mm, 57.2000 mm): Pad 2 [GND] of R2 on F.Cu
[silk_over_copper]: Silkscreen clipped by solder mask
    Local override; warning
    @(119.5000 mm, 55.5500 mm): Reference field of R14
    @(120.5000 mm, 54.9375 mm): Pad 12 [Net-(U3-PROG3)] of U3 on F.Cu
[silk_over_copper]: Silkscreen clipped by solder mask
    Local override; warning
    @(128.0000 mm, 46.3200 mm): Reference field of C4
    @(128.0000 mm, 45.5000 mm): Pad 2 [+SYS] of R13 on F.Cu
[silk_over_copper]: Silkscreen clipped by solder mask
    Local override; warning
    @(129.0000 mm, 47.1500 mm): Reference field of R13
    @(129.0375 mm, 48.0000 mm): Pad 2 [GND] of C4 on F.Cu
[silk_over_copper]: Silkscreen clipped by solder mask
    Local override; warning
    @(128.0000 mm, 52.3200 mm): Reference field of C7
    @(129.0375 mm, 51.0000 mm): Pad 2 [GND] of C6 on F.Cu
[silk_over_copper]: Silkscreen clipped by solder mask
    Local override; warning
    @(128.0000 mm, 49.3200 mm): Reference field of C6
    @(129.0375 mm, 48.0000 mm): Pad 2 [GND] of C4 on F.Cu
[silk_over_copper]: Silkscreen clipped by solder mask
    Local override; warning
    @(157.7032 mm, 67.6257 mm): Segment of D23 on F.Silkscreen
    @(157.2347 mm, 66.3168 mm): Pad 3 [GND] of D23 on F.Cu
[silk_over_copper]: Silkscreen clipped by solder mask
    Local override; warning
    @(148.5700 mm, 60.8425 mm): Reference field of C17
    @(146.7814 mm, 61.5431 mm): Pad 4 [Net-(D23-DOUT)] of D24 on F.Cu
[silk_over_copper]: Silkscreen clipped by solder mask
    Local override; warning
    @(148.9495 mm, 65.4651 mm): Segment of D24 on F.Silkscreen
    @(147.8012 mm, 64.6816 mm): Pad 3 [GND] of D24 on F.Cu
[silk_over_copper]: Silkscreen clipped by solder mask
    Local override; warning
    @(151.0540 mm, 94.5504 mm): Segment of D29 on F.Silkscreen
    @(152.2023 mm, 95.3339 mm): Pad 3 [GND] of D29 on F.Cu
[silk_over_copper]: Silkscreen clipped by solder mask
    Local override; warning
    @(159.3912 mm, 91.1332 mm): Segment of D30 on F.Silkscreen
    @(160.7807 mm, 91.0921 mm): Pad 3 [GND] of D30 on F.Cu
[silk_over_copper]: Silkscreen clipped by solder mask
    Local override; warning
    @(142.2967 mm, 92.3639 mm): Segment of D28 on F.Silkscreen
    @(142.7652 mm, 93.6727 mm): Pad 3 [GND] of D28 on F.Cu
[silk_over_copper]: Silkscreen clipped by solder mask
    Local override; warning
    @(176.8000 mm, 60.1500 mm): Reference field of R19
    @(175.8000 mm, 59.4000 mm): Pad 1 [+BATT] of R18 on F.Cu
[silk_over_copper]: Silkscreen clipped by solder mask
    Local override; warning
    @(176.8000 mm, 60.1500 mm): Reference field of R19
    @(177.8000 mm, 59.4000 mm): Pad 2 [/BAT_SENSE] of R18 on F.Cu
[silk_over_copper]: Silkscreen clipped by solder mask
    Local override; warning
    @(167.9781 mm, 72.6400 mm): Reference field of C16
    @(166.5705 mm, 71.2261 mm): Pad 4 [Net-(D21-DOUT)] of D22 on F.Cu
[silk_over_copper]: Silkscreen clipped by solder mask
    Local override; warning
    @(163.5104 mm, 74.5000 mm): Segment of D22 on F.Silkscreen
    @(163.9007 mm, 73.1658 mm): Pad 3 [GND] of D22 on F.Cu
[silk_over_copper]: Silkscreen clipped by solder mask
    Local override; warning
    @(164.1500 mm, 83.5000 mm): Segment of D21 on F.Silkscreen
    @(165.2500 mm, 82.6500 mm): Pad 3 [GND] of D21 on F.Cu
[silk_overlap]: Silkscreen clearance
    Rule: board setup constraints silk; warning
    @(164.4678 mm, 41.5323 mm): Segment of D35 on B.Silkscreen
    @(163.3692 mm, 43.1601 mm): Reference field of R16
[silk_overlap]: Silkscreen clearance
    Rule: board setup constraints silk; warning
    @(162.6418 mm, 42.1256 mm): Segment of D35 on B.Silkscreen
    @(163.3692 mm, 43.1601 mm): Reference field of R16
[silk_overlap]: Silkscreen clearance
    Rule: board setup constraints silk; warning
    @(162.6418 mm, 42.1256 mm): Segment of D35 on B.Silkscreen
    @(161.0577 mm, 38.7088 mm): Reference field of D33
[silk_over_copper]: Silkscreen clipped by solder mask
    Local override; warning
    @(163.7137 mm, 49.1336 mm): Segment of D5 on B.Silkscreen
    @(162.9208 mm, 48.8234 mm): Pad 3 [GND] of D5 on B.Cu
[silk_over_copper]: Silkscreen clipped by solder mask
    Local override; warning
    @(146.5209 mm, 113.5988 mm): Segment of D16 on B.Silkscreen
    @(147.3709 mm, 113.6488 mm): Pad 3 [GND] of D16 on B.Cu
[silk_over_copper]: Silkscreen clipped by solder mask
    Local override; warning
    @(126.3588 mm, 101.8688 mm): Reference field of C13
    @(127.1761 mm, 100.1861 mm): Pad 1 [+LED_PWR] of D13 on B.Cu
[silk_over_copper]: Silkscreen clipped by solder mask
    Local override; warning
    @(126.3588 mm, 101.8688 mm): Reference field of C13
    @(124.5063 mm, 102.1258 mm): Pad 2 [Net-(D13-DOUT)] of D13 on B.Cu
[silk_over_copper]: Silkscreen clipped by solder mask
    Local override; warning
    @(157.0664 mm, 113.0309 mm): Segment of D17 on B.Silkscreen
    @(157.8903 mm, 112.8158 mm): Pad 3 [GND] of D17 on B.Cu
[silk_over_copper]: Silkscreen clipped by solder mask
    Local override; warning
    @(127.4356 mm, 105.1177 mm): Segment of D14 on B.Silkscreen
    @(128.0938 mm, 105.6578 mm): Pad 3 [GND] of D14 on B.Cu
[silk_over_copper]: Silkscreen clipped by solder mask
    Local override; warning
    @(128.3297 mm, 101.6038 mm): Footprint text of D13 (1)
    @(127.9799 mm, 102.2701 mm): Pad 1 [+LED_PWR] of C13 on B.Cu
[silk_over_copper]: Silkscreen clipped by solder mask
    Local override; warning
    @(136.2950 mm, 110.8753 mm): Segment of D15 on B.Silkscreen
    @(137.0880 mm, 111.1856 mm): Pad 3 [GND] of D15 on B.Cu
[silk_over_copper]: Silkscreen clipped by solder mask
    Local override; warning
    @(154.7709 mm, 110.2488 mm): Footprint text of D16 (1)
    @(155.0951 mm, 110.9681 mm): Pad 1 [+LED_PWR] of C14 on B.Cu
[silk_over_copper]: Silkscreen clipped by solder mask
    Local override; warning
    @(153.8176 mm, 112.0437 mm): Reference field of C14
    @(152.9459 mm, 113.6488 mm): Pad 2 [Net-(D16-DOUT)] of D16 on B.Cu
[silk_over_copper]: Silkscreen clipped by solder mask
    Local override; warning
    @(153.8176 mm, 112.0437 mm): Reference field of C14
    @(152.9459 mm, 110.3488 mm): Pad 1 [+LED_PWR] of D16 on B.Cu
[silk_over_copper]: Silkscreen clipped by solder mask
    Local override; warning
    @(120.7703 mm, 96.8985 mm): Segment of D13 on B.Silkscreen
    @(121.2294 mm, 97.6155 mm): Pad 3 [GND] of D13 on B.Cu
[silk_over_copper]: Silkscreen clipped by solder mask
    Local override; warning
    @(122.0243 mm, 64.1840 mm): Reference field of C11
    @(123.7297 mm, 64.5075 mm): Pad 1 [+LED_PWR] of D9 on B.Cu
[silk_over_copper]: Silkscreen clipped by solder mask
    Local override; warning
    @(122.7379 mm, 66.0427 mm): Footprint text of D9 (1)
    @(122.2017 mm, 65.8445 mm): Pad 1 [+LED_PWR] of C11 on B.Cu
[silk_over_copper]: Silkscreen clipped by solder mask
    Local override; warning
    @(124.8769 mm, 57.3992 mm): Segment of D9 on B.Silkscreen
    @(124.3368 mm, 58.0575 mm): Pad 3 [GND] of D9 on B.Cu
[silk_over_copper]: Silkscreen clipped by solder mask
    Local override; warning
    @(133.0883 mm, 50.7711 mm): Segment of D8 on B.Silkscreen
    @(132.3712 mm, 51.2302 mm): Pad 3 [GND] of D8 on B.Cu
[silk_over_copper]: Silkscreen clipped by solder mask
    Local override; warning
    @(142.9409 mm, 46.9666 mm): Segment of D7 on B.Silkscreen
    @(142.1171 mm, 47.1818 mm): Pad 3 [GND] of D7 on B.Cu
[silk_over_copper]: Silkscreen clipped by solder mask
    Local override; warning
    @(171.6836 mm, 58.3747 mm): Footprint text of D3 (1)
    @(172.0201 mm, 57.9799 mm): Pad 1 [+LED_PWR] of C9 on B.Cu
[silk_over_copper]: Silkscreen clipped by solder mask
    Local override; warning
    @(172.5933 mm, 54.8925 mm): Segment of D4 on B.Silkscreen
    @(171.9350 mm, 54.3524 mm): Pad 3 [GND] of D4 on B.Cu
[silk_over_copper]: Silkscreen clipped by solder mask
    Local override; warning
    @(179.2431 mm, 63.0800 mm): Segment of D3 on B.Silkscreen
    @(178.7839 mm, 62.3630 mm): Pad 3 [GND] of D3 on B.Cu
[silk_over_copper]: Silkscreen clipped by solder mask
    Local override; warning
    @(119.1286 mm, 66.2846 mm): Segment of D10 on B.Silkscreen
    @(118.8184 mm, 67.0776 mm): Pad 3 [GND] of D10 on B.Cu
[silk_over_copper]: Silkscreen clipped by solder mask
    Local override; warning
    @(116.4066 mm, 76.4792 mm): Segment of D11 on B.Silkscreen
    @(116.3566 mm, 77.3292 mm): Pad 3 [GND] of D11 on B.Cu
[silk_over_copper]: Silkscreen clipped by solder mask
    Local override; warning
    @(117.9163 mm, 83.8476 mm): Reference field of C12
    @(119.6566 mm, 82.9042 mm): Pad 1 [+LED_PWR] of D11 on B.Cu
[silk_over_copper]: Silkscreen clipped by solder mask
    Local override; warning
    @(117.9163 mm, 83.8476 mm): Reference field of C12
    @(116.3566 mm, 82.9042 mm): Pad 2 [Net-(D11-DOUT)] of D11 on B.Cu
[silk_over_copper]: Silkscreen clipped by solder mask
    Local override; warning
    @(119.7566 mm, 84.7292 mm): Footprint text of D11 (1)
    @(118.9919 mm, 85.1251 mm): Pad 1 [+LED_PWR] of C12 on B.Cu
[silk_over_copper]: Silkscreen clipped by solder mask
    Local override; warning
    @(116.9748 mm, 87.0535 mm): Segment of D12 on B.Silkscreen
    @(117.1899 mm, 87.8774 mm): Pad 3 [GND] of D12 on B.Cu
[silk_over_copper]: Silkscreen clipped by solder mask
    Local override; warning
    @(166.9273 mm, 109.2438 mm): Segment of D18 on B.Silkscreen
    @(167.6444 mm, 108.7846 mm): Pad 3 [GND] of D18 on B.Cu
[silk_over_copper]: Silkscreen clipped by solder mask
    Local override; warning
    @(171.8688 mm, 103.6313 mm): Reference field of C15
    @(170.2150 mm, 102.8379 mm): Pad 1 [+LED_PWR] of D18 on B.Cu
[silk_over_copper]: Silkscreen clipped by solder mask
    Local override; warning
    @(171.6326 mm, 101.6843 mm): Footprint text of D18 (1)
    @(172.2701 mm, 102.0102 mm): Pad 1 [+LED_PWR] of C15 on B.Cu
[silk_over_copper]: Silkscreen clipped by solder mask
    Local override; warning
    @(171.8688 mm, 103.6313 mm): Reference field of C15
    @(172.1547 mm, 105.5077 mm): Pad 2 [Net-(D18-DOUT)] of D18 on B.Cu
[silk_over_copper]: Silkscreen clipped by solder mask
    Local override; warning
    @(175.1315 mm, 102.5792 mm): Segment of D19 on B.Silkscreen
    @(175.6716 mm, 101.9209 mm): Pad 3 [GND] of D19 on B.Cu
[silk_over_copper]: Silkscreen clipped by solder mask
    Local override; warning
    @(145.2583 mm, 49.7462 mm): Footprint text of D6 (1)
    @(144.9049 mm, 48.7819 mm): Pad 1 [+LED_PWR] of C10 on B.Cu
[silk_over_copper]: Silkscreen clipped by solder mask
    Local override; warning
    @(146.1824 mm, 47.7063 mm): Reference field of C10
    @(147.0833 mm, 46.3462 mm): Pad 2 [Net-(D6-DOUT)] of D6 on B.Cu
[silk_over_copper]: Silkscreen clipped by solder mask
    Local override; warning
    @(153.5083 mm, 46.3962 mm): Segment of D6 on B.Silkscreen
    @(152.6583 mm, 46.3462 mm): Pad 3 [GND] of D6 on B.Cu
[silk_over_copper]: Silkscreen clipped by solder mask
    Local override; warning
    @(180.8940 mm, 93.7143 mm): Segment of D20 on B.Silkscreen
    @(181.2042 mm, 92.9214 mm): Pad 3 [GND] of D20 on B.Cu
[silk_over_copper]: Silkscreen clipped by solder mask
    Local override; warning
    @(183.0248 mm, 72.9478 mm): Segment of D2 on B.Silkscreen
    @(182.8097 mm, 72.1240 mm): Pad 3 [GND] of D2 on B.Cu
[silk_over_copper]: Silkscreen clipped by solder mask
    Local override; warning
    @(180.2500 mm, 75.2500 mm): Footprint text of D1 (1)
    @(180.9662 mm, 74.8749 mm): Pad 1 [+LED_PWR] of C8 on B.Cu
[silk_over_copper]: Silkscreen clipped by solder mask
    Local override; warning
    @(183.6000 mm, 83.5000 mm): Segment of D1 on B.Silkscreen
    @(183.6500 mm, 82.6500 mm): Pad 3 [GND] of D1 on B.Cu

** Found 0 unconnected pads **

** Found 0 Footprint errors **

** Ignored checks **
    - Footprint has no courtyard defined
    - Track endpoint not centered on via
    - Tuning profile track geometries
    - Footprint doesn't match symbol's footprint filters
    - PTH inside courtyard
    - NPTH inside courtyard
    - Footprint component type doesn't match footprint pads

** End of Report **
